[dev.naxotop.com/project/video-editor-kDg5/v1/index.html]
[backblue.gif]
[fade.gif]
[index.html]
[dev.naxotop.com/images/favicon.png]
[dev.naxotop.com/project/video-editor-kDg5/v1/css/fonts129e.css]
[dev.naxotop.com/project/video-editor-kDg5/v1/css/bootstrap.min129e.css]
[dev.naxotop.com/project/video-editor-kDg5/v1/css/jquery-ui.min129e.css]
[dev.naxotop.com/project/video-editor-kDg5/v1/css/lightbox.min129e.css]
[dev.naxotop.com/project/video-editor-kDg5/v1/css/spectrum.min129e.css]
[dev.naxotop.com/project/video-editor-kDg5/v1/css/videoPlayer129e.css]
[dev.naxotop.com/project/video-editor-kDg5/v1/css/style129e.css]
[dev.naxotop.com/project/video-editor-kDg5/v1/css/videoEditor129e.css]
[dev.naxotop.com/project/video-editor-kDg5/v1/css/new-style129e.css]
[dev.naxotop.com/project/video-editor-kDg5/v1/images/icons/cut.svg]
[dev.naxotop.com/project/video-editor-kDg5/v1/images/label-timeline.png]
[dev.naxotop.com/project/video-editor-kDg5/v1/admin/login.html]
[dev.naxotop.com/project/video-editor-kDg5/v1/js/source/script-v1.7.min129e.js]
[dev.naxotop.com/project/video-editor-kDg5/v1/index.html]
[dev.naxotop.com/images/favicon.html]
[dev.naxotop.com/cdn-cgi/scripts/7d0fa10a/cloudflare-static/rocket-loader.min.js]
[dev.naxotop.com/project/video-editor-kDg5/v1/js/source/script-index-v1.7.min129e.js]
[dev.naxotop.com/project/video-editor-kDg5/v1/css/webfonts/fa-brands-400.eot]
[dev.naxotop.com/project/video-editor-kDg5/v1/css/webfonts/fa-brands-400d41d.eot]
[dev.naxotop.com/project/video-editor-kDg5/v1/css/webfonts/fa-brands-400.woff2]
[dev.naxotop.com/project/video-editor-kDg5/v1/css/webfonts/fa-brands-400.woff]
[dev.naxotop.com/project/video-editor-kDg5/v1/css/webfonts/fa-brands-400.ttf]
[dev.naxotop.com/project/video-editor-kDg5/v1/css/webfonts/fa-regular-400.eot]
[dev.naxotop.com/project/video-editor-kDg5/v1/css/webfonts/fa-brands-400.svg]
[dev.naxotop.com/project/video-editor-kDg5/v1/css/webfonts/fa-regular-400d41d.eot]
[dev.naxotop.com/project/video-editor-kDg5/v1/css/webfonts/fa-regular-400.woff2]
[dev.naxotop.com/project/video-editor-kDg5/v1/css/webfonts/fa-regular-400.woff]
[dev.naxotop.com/project/video-editor-kDg5/v1/css/webfonts/fa-regular-400.ttf]
[dev.naxotop.com/project/video-editor-kDg5/v1/css/webfonts/fa-regular-400.svg]
[dev.naxotop.com/project/video-editor-kDg5/v1/css/webfonts/fa-solid-900.eot]
[dev.naxotop.com/project/video-editor-kDg5/v1/css/webfonts/fa-solid-900d41d.eot]
[dev.naxotop.com/project/video-editor-kDg5/v1/css/webfonts/fa-solid-900.woff2]
[dev.naxotop.com/project/video-editor-kDg5/v1/css/webfonts/fa-solid-900.woff]
[dev.naxotop.com/project/video-editor-kDg5/v1/css/webfonts/fa-solid-900.ttf]
[dev.naxotop.com/project/video-editor-kDg5/v1/css/fonts129e.css]
[dev.naxotop.com/project/video-editor-kDg5/v1/css/bootstrap.min129e.css]
[dev.naxotop.com/project/video-editor-kDg5/v1/css/images/ui-icons_444444_256x240.png]
[dev.naxotop.com/project/video-editor-kDg5/v1/css/webfonts/fa-solid-900.svg]
[dev.naxotop.com/project/video-editor-kDg5/v1/css/images/ui-icons_555555_256x240.png]
[dev.naxotop.com/project/video-editor-kDg5/v1/css/images/ui-icons_ffffff_256x240.png]
[dev.naxotop.com/project/video-editor-kDg5/v1/css/images/ui-icons_777620_256x240.png]
[dev.naxotop.com/project/video-editor-kDg5/v1/css/images/ui-icons_cc0000_256x240.png]
[dev.naxotop.com/project/video-editor-kDg5/v1/css/images/ui-icons_777777_256x240.png]
[dev.naxotop.com/project/video-editor-kDg5/v1/css/jquery-ui.min129e.css]
[dev.naxotop.com/project/video-editor-kDg5/v1/images/loading.gif]
[dev.naxotop.com/project/video-editor-kDg5/v1/css/lightbox.min129e.css]
[dev.naxotop.com/project/video-editor-kDg5/v1/css/spectrum.min129e.css]
[dev.naxotop.com/project/video-editor-kDg5/v1/css/videoPlayer129e.css]
[dev.naxotop.com/project/video-editor-kDg5/images/scroll.png]
[dev.naxotop.com/project/video-editor-kDg5/v1/css/style129e.css]
[dev.naxotop.com/project/video-editor-kDg5/v1/css/videoEditor129e.css]
[dev.naxotop.com/project/video-editor-kDg5/v1/css/new-style129e.css]
[dev.naxotop.com/project/video-editor-kDg5/v1/images/icons/cut.svg]
[dev.naxotop.com/project/video-editor-kDg5/v1/admin/login.html]
[dev.naxotop.com/project/video-editor-kDg5/v1/css/webfonts/fa-brands-400.svg]
[dev.naxotop.com/project/video-editor-kDg5/v1/css/webfonts/fa-regular-400.svg]
[dev.naxotop.com/project/video-editor-kDg5/v1/css/webfonts/fa-solid-900.svg]
[dev.naxotop.com/project/video-editor-kDg5/v1/css/images/ui-icons_444444_256x240.html]
[dev.naxotop.com/project/video-editor-kDg5/v1/css/images/ui-icons_555555_256x240.html]
[dev.naxotop.com/project/video-editor-kDg5/v1/css/images/ui-icons_ffffff_256x240.html]
[dev.naxotop.com/project/video-editor-kDg5/v1/css/images/ui-icons_777620_256x240.html]
[dev.naxotop.com/project/video-editor-kDg5/v1/css/images/ui-icons_cc0000_256x240.html]
[dev.naxotop.com/project/video-editor-kDg5/v1/css/images/ui-icons_777777_256x240.html]
[dev.naxotop.com/project/video-editor-kDg5/images/scroll.html]
